// Jest Snapshot v1, https://goo.gl/fbAQLP

exports[`index hello world after 1`] = `
"<!DOCTYPE html>
<html lang="en">
<head>
<meta charset="utf-8">
<title>Error</title>
</head>
<body>
<pre>Cannot GET /mandataris-api/organen/0921318d-c195-4fbf-aadf-2534cdd63c7d/activeMembers</pre>
</body>
</html>
"
`;
